Archive member included to satisfy reference by file (symbol)

d:/programy/truestudio for stm32 9.3.0/armtools/bin/../lib/gcc/arm-atollic-eabi/6.3.1/../../../../arm-atollic-eabi/lib/armv6-m\libc_nano.a(lib_a-errno.o)
                              Core\Src\syscalls.o (__errno)
d:/programy/truestudio for stm32 9.3.0/armtools/bin/../lib/gcc/arm-atollic-eabi/6.3.1/../../../../arm-atollic-eabi/lib/armv6-m\libc_nano.a(lib_a-impure.o)
                              d:/programy/truestudio for stm32 9.3.0/armtools/bin/../lib/gcc/arm-atollic-eabi/6.3.1/../../../../arm-atollic-eabi/lib/armv6-m\libc_nano.a(lib_a-errno.o) (_impure_ptr)
d:/programy/truestudio for stm32 9.3.0/armtools/bin/../lib/gcc/arm-atollic-eabi/6.3.1/../../../../arm-atollic-eabi/lib/armv6-m\libc_nano.a(lib_a-init.o)
                              startup\startup_stm32f031x6.o (__libc_init_array)
d:/programy/truestudio for stm32 9.3.0/armtools/bin/../lib/gcc/arm-atollic-eabi/6.3.1/../../../../arm-atollic-eabi/lib/armv6-m\libc_nano.a(lib_a-memset.o)
                              Core\Src\main.o (memset)
d:/programy/truestudio for stm32 9.3.0/armtools/bin/../lib/gcc/arm-atollic-eabi/6.3.1/armv6-m\libgcc.a(_udivsi3.o)
                              Core\Src\system_stm32f0xx.o (__aeabi_uidiv)
d:/programy/truestudio for stm32 9.3.0/armtools/bin/../lib/gcc/arm-atollic-eabi/6.3.1/armv6-m\libgcc.a(_dvmd_tls.o)
                              d:/programy/truestudio for stm32 9.3.0/armtools/bin/../lib/gcc/arm-atollic-eabi/6.3.1/armv6-m\libgcc.a(_udivsi3.o) (__aeabi_idiv0)

Allocating common symbols
Common symbol       size              file

uwTick              0x4               Drivers\STM32F0xx_HAL_Driver\Src\stm32f0xx_hal.o
pFlash              0x20              Drivers\STM32F0xx_HAL_Driver\Src\stm32f0xx_hal_flash.o
huart1              0x80              Core\Src\main.o
htim2               0x40              Core\Src\main.o
htim14              0x40              Core\Src\main.o

Discarded input sections

 .text          0x00000000        0x0 d:/programy/truestudio for stm32 9.3.0/armtools/bin/../lib/gcc/arm-atollic-eabi/6.3.1/armv6-m/crti.o
 .data          0x00000000        0x0 d:/programy/truestudio for stm32 9.3.0/armtools/bin/../lib/gcc/arm-atollic-eabi/6.3.1/armv6-m/crti.o
 .bss           0x00000000        0x0 d:/programy/truestudio for stm32 9.3.0/armtools/bin/../lib/gcc/arm-atollic-eabi/6.3.1/armv6-m/crti.o
 .data          0x00000000        0x4 d:/programy/truestudio for stm32 9.3.0/armtools/bin/../lib/gcc/arm-atollic-eabi/6.3.1/armv6-m/crtbegin.o
 .text          0x00000000        0x0 Core\Src\main.o
 .data          0x00000000        0x0 Core\Src\main.o
 .bss           0x00000000        0x0 Core\Src\main.o
 .text          0x00000000        0x0 Core\Src\stm32f0xx_hal_msp.o
 .data          0x00000000        0x0 Core\Src\stm32f0xx_hal_msp.o
 .bss           0x00000000        0x0 Core\Src\stm32f0xx_hal_msp.o
 .text.HAL_TIM_Base_MspDeInit
                0x00000000       0x58 Core\Src\stm32f0xx_hal_msp.o
 .text.HAL_UART_MspDeInit
                0x00000000       0x44 Core\Src\stm32f0xx_hal_msp.o
 .text          0x00000000        0x0 Core\Src\stm32f0xx_it.o
 .data          0x00000000        0x0 Core\Src\stm32f0xx_it.o
 .bss           0x00000000        0x0 Core\Src\stm32f0xx_it.o
 .text          0x00000000        0x0 Core\Src\syscalls.o
 .data          0x00000000        0x0 Core\Src\syscalls.o
 .bss           0x00000000        0x0 Core\Src\syscalls.o
 .bss.__env     0x00000000        0x4 Core\Src\syscalls.o
 .data.environ  0x00000000        0x4 Core\Src\syscalls.o
 .text.initialise_monitor_handles
                0x00000000        0xa Core\Src\syscalls.o
 .text._getpid  0x00000000        0xc Core\Src\syscalls.o
 .text._kill    0x00000000       0x20 Core\Src\syscalls.o
 .text._exit    0x00000000       0x18 Core\Src\syscalls.o
 .text._read    0x00000000       0x3a Core\Src\syscalls.o
 .text._write   0x00000000       0x38 Core\Src\syscalls.o
 .bss.heap_end.5887
                0x00000000        0x4 Core\Src\syscalls.o
 .text._sbrk    0x00000000       0x58 Core\Src\syscalls.o
 .text._close   0x00000000       0x14 Core\Src\syscalls.o
 .text._fstat   0x00000000       0x1c Core\Src\syscalls.o
 .text._isatty  0x00000000       0x12 Core\Src\syscalls.o
 .text._lseek   0x00000000       0x16 Core\Src\syscalls.o
 .text._open    0x00000000       0x1c Core\Src\syscalls.o
 .text._wait    0x00000000       0x1e Core\Src\syscalls.o
 .text._unlink  0x00000000       0x1e Core\Src\syscalls.o
 .text._times   0x00000000       0x14 Core\Src\syscalls.o
 .text._stat    0x00000000       0x1c Core\Src\syscalls.o
 .text._link    0x00000000       0x20 Core\Src\syscalls.o
 .text._fork    0x00000000       0x18 Core\Src\syscalls.o
 .text._execve  0x00000000       0x22 Core\Src\syscalls.o
 .debug_info    0x00000000      0xf16 Core\Src\syscalls.o
 .debug_abbrev  0x00000000      0x271 Core\Src\syscalls.o
 .debug_aranges
                0x00000000       0xb0 Core\Src\syscalls.o
[...]
Memory Configuration

Name             Origin             Length             Attributes
FLASH            0x08000000         0x00008000         xr
RAM              0x20000000         0x00001000         xrw
MEMORY_B1        0x60000000         0x00000000         xr
*default*        0x00000000         0xffffffff

Linker script and memory map

LOAD d:/programy/truestudio for stm32 9.3.0/armtools/bin/../lib/gcc/arm-atollic-eabi/6.3.1/armv6-m/crti.o
LOAD d:/programy/truestudio for stm32 9.3.0/armtools/bin/../lib/gcc/arm-atollic-eabi/6.3.1/armv6-m/crtbegin.o
LOAD Core\Src\main.o
LOAD Core\Src\stm32f0xx_hal_msp.o
LOAD Core\Src\stm32f0xx_it.o
LOAD Core\Src\syscalls.o
LOAD Core\Src\system_stm32f0xx.o
LOAD Drivers\STM32F0xx_HAL_Driver\Src\stm32f0xx_hal.o
LOAD Drivers\STM32F0xx_HAL_Driver\Src\stm32f0xx_hal_cortex.o
LOAD Drivers\STM32F0xx_HAL_Driver\Src\stm32f0xx_hal_dma.o
LOAD Drivers\STM32F0xx_HAL_Driver\Src\stm32f0xx_hal_exti.o
LOAD Drivers\STM32F0xx_HAL_Driver\Src\stm32f0xx_hal_flash.o
LOAD Drivers\STM32F0xx_HAL_Driver\Src\stm32f0xx_hal_flash_ex.o
LOAD Drivers\STM32F0xx_HAL_Driver\Src\stm32f0xx_hal_gpio.o
LOAD Drivers\STM32F0xx_HAL_Driver\Src\stm32f0xx_hal_i2c.o
LOAD Drivers\STM32F0xx_HAL_Driver\Src\stm32f0xx_hal_i2c_ex.o
LOAD Drivers\STM32F0xx_HAL_Driver\Src\stm32f0xx_hal_pwr.o
LOAD Drivers\STM32F0xx_HAL_Driver\Src\stm32f0xx_hal_pwr_ex.o
LOAD Drivers\STM32F0xx_HAL_Driver\Src\stm32f0xx_hal_rcc.o
LOAD Drivers\STM32F0xx_HAL_Driver\Src\stm32f0xx_hal_rcc_ex.o
LOAD Drivers\STM32F0xx_HAL_Driver\Src\stm32f0xx_hal_tim.o
LOAD Drivers\STM32F0xx_HAL_Driver\Src\stm32f0xx_hal_tim_ex.o
LOAD Drivers\STM32F0xx_HAL_Driver\Src\stm32f0xx_hal_uart.o
LOAD Drivers\STM32F0xx_HAL_Driver\Src\stm32f0xx_hal_uart_ex.o
LOAD startup\startup_stm32f031x6.o
                0x00000080                malloc_getpagesize_P = 0x80
START GROUP
LOAD d:/programy/truestudio for stm32 9.3.0/armtools/bin/../lib/gcc/arm-atollic-eabi/6.3.1/../../../../arm-atollic-eabi/lib/armv6-m\libc_nano.a
LOAD d:/programy/truestudio for stm32 9.3.0/armtools/bin/../lib/gcc/arm-atollic-eabi/6.3.1/../../../../arm-atollic-eabi/lib/armv6-m\libm.a
END GROUP
START GROUP
LOAD d:/programy/truestudio for stm32 9.3.0/armtools/bin/../lib/gcc/arm-atollic-eabi/6.3.1/armv6-m\libgcc.a
LOAD d:/programy/truestudio for stm32 9.3.0/armtools/bin/../lib/gcc/arm-atollic-eabi/6.3.1/../../../../arm-atollic-eabi/lib/armv6-m\libc_nano.a
END GROUP
START GROUP
LOAD d:/programy/truestudio for stm32 9.3.0/armtools/bin/../lib/gcc/arm-atollic-eabi/6.3.1/armv6-m\libgcc.a
LOAD d:/programy/truestudio for stm32 9.3.0/armtools/bin/../lib/gcc/arm-atollic-eabi/6.3.1/../../../../arm-atollic-eabi/lib/armv6-m\libc_nano.a
LOAD d:/programy/truestudio for stm32 9.3.0/armtools/bin/../lib/gcc/arm-atollic-eabi/6.3.1/../../../../arm-atollic-eabi/lib/armv6-m\libnosys.a
END GROUP
START GROUP
LOAD d:/programy/truestudio for stm32 9.3.0/armtools/bin/../lib/gcc/arm-atollic-eabi/6.3.1/armv6-m\libgcc.a
LOAD d:/programy/truestudio for stm32 9.3.0/armtools/bin/../lib/gcc/arm-atollic-eabi/6.3.1/../../../../arm-atollic-eabi/lib/armv6-m\libc_nano.a
LOAD d:/programy/truestudio for stm32 9.3.0/armtools/bin/../lib/gcc/arm-atollic-eabi/6.3.1/../../../../arm-atollic-eabi/lib/armv6-m\libnosys.a
END GROUP
LOAD d:/programy/truestudio for stm32 9.3.0/armtools/bin/../lib/gcc/arm-atollic-eabi/6.3.1/armv6-m/crtend.o
LOAD d:/programy/truestudio for stm32 9.3.0/armtools/bin/../lib/gcc/arm-atollic-eabi/6.3.1/armv6-m/crtn.o
                0x20001000                _estack = 0x20001000
                0x00000000                _Min_Heap_Size = 0x0
                0x00000080                _Min_Stack_Size = 0x80

.isr_vector     0x08000000       0xc0
                0x08000000                . = ALIGN (0x4)
 *(.isr_vector)
 .isr_vector    0x08000000       0xc0 startup\startup_stm32f031x6.o
                0x08000000                g_pfnVectors
                0x080000c0                . = ALIGN (0x4)

.text           0x080000c0     0x2c44
                0x080000c0                . = ALIGN (0x4)
 *(.text)
 .text          0x080000c0       0x48 d:/programy/truestudio for stm32 9.3.0/armtools/bin/../lib/gcc/arm-atollic-eabi/6.3.1/armv6-m/crtbegin.o
 .text          0x08000108      0x114 d:/programy/truestudio for stm32 9.3.0/armtools/bin/../lib/gcc/arm-atollic-eabi/6.3.1/armv6-m\libgcc.a(_udivsi3.o)
                0x08000108                __aeabi_uidiv
                0x08000108                __udivsi3
                0x08000214                __aeabi_uidivmod
 .text          0x0800021c        0x4 d:/programy/truestudio for stm32 9.3.0/armtools/bin/../lib/gcc/arm-atollic-eabi/6.3.1/armv6-m\libgcc.a(_dvmd_tls.o)
                0x0800021c                __aeabi_idiv0
                0x0800021c                __aeabi_ldiv0
 *(.text*)
 .text.HAL_TIM_PeriodElapsedCallback
                0x08000220       0x78 Core\Src\main.o
                0x08000220                HAL_TIM_PeriodElapsedCallback
 .text.main     0x08000298       0x38 Core\Src\main.o
                0x08000298                main
 .text.SystemClock_Config
                0x080002d0       0xd8 Core\Src\main.o
                0x080002d0                SystemClock_Config
 .text.MX_TIM2_Init
                0x080003a8      0x104 Core\Src\main.o
 .text.MX_TIM14_Init
                0x080004ac       0x4c Core\Src\main.o
 .text.MX_USART1_UART_Init
                0x080004f8       0x60 Core\Src\main.o
 .text.MX_GPIO_Init
                0x08000558       0x68 Core\Src\main.o
 .text.Error_Handler
                0x080005c0        0xa Core\Src\main.o
                0x080005c0                Error_Handler
 *fill*         0x080005ca        0x2 
 .text.HAL_MspInit
                0x080005cc       0x48 Core\Src\stm32f0xx_hal_msp.o
                0x080005cc                HAL_MspInit
 .text.HAL_TIM_Base_MspInit
                0x08000614       0x84 Core\Src\stm32f0xx_hal_msp.o
                0x08000614                HAL_TIM_Base_MspInit
 .text.HAL_TIM_MspPostInit
                0x08000698       0x88 Core\Src\stm32f0xx_hal_msp.o
                0x08000698                HAL_TIM_MspPostInit
 .text.HAL_UART_MspInit
                0x08000720       0xa8 Core\Src\stm32f0xx_hal_msp.o
                0x08000720                HAL_UART_MspInit
 .text.NMI_Handler
                0x080007c8        0xa Core\Src\stm32f0xx_it.o
                0x080007c8                NMI_Handler
 .text.HardFault_Handler
                0x080007d2        0x6 Core\Src\stm32f0xx_it.o
                0x080007d2                HardFault_Handler
 .text.SVC_Handler
                0x080007d8        0xa Core\Src\stm32f0xx_it.o
                0x080007d8                SVC_Handler
 .text.PendSV_Handler
                0x080007e2        0xa Core\Src\stm32f0xx_it.o
                0x080007e2                PendSV_Handler
 .text.SysTick_Handler
                0x080007ec        0xe Core\Src\stm32f0xx_it.o
                0x080007ec                SysTick_Handler
 *fill*         0x080007fa        0x2 
 .text.TIM2_IRQHandler
                0x080007fc       0x18 Core\Src\stm32f0xx_it.o
                0x080007fc                TIM2_IRQHandler
 .text.TIM14_IRQHandler
                0x08000814       0x18 Core\Src\stm32f0xx_it.o
                0x08000814                TIM14_IRQHandler
 .text.SystemInit
                0x0800082c        0xa Core\Src\system_stm32f0xx.o
                0x0800082c                SystemInit
 *fill*         0x08000836        0x2 
 .text.HAL_Init
                0x08000838       0x28 Drivers\STM32F0xx_HAL_Driver\Src\stm32f0xx_hal.o
                0x08000838                HAL_Init
 .text.HAL_InitTick
                0x08000860       0x68 Drivers\STM32F0xx_HAL_Driver\Src\stm32f0xx_hal.o
                0x08000860                HAL_InitTick
 .text.HAL_IncTick
                0x080008c8       0x24 Drivers\STM32F0xx_HAL_Driver\Src\stm32f0xx_hal.o
                0x080008c8                HAL_IncTick
 .text.HAL_GetTick
                0x080008ec       0x14 Drivers\STM32F0xx_HAL_Driver\Src\stm32f0xx_hal.o
                0x080008ec                HAL_GetTick
 .text.__NVIC_EnableIRQ
                0x08000900       0x34 Drivers\STM32F0xx_HAL_Driver\Src\stm32f0xx_hal_cortex.o
 .text.__NVIC_SetPriority
                0x08000934       0xdc Drivers\STM32F0xx_HAL_Driver\Src\stm32f0xx_hal_cortex.o
 .text.SysTick_Config
                0x08000a10       0x48 Drivers\STM32F0xx_HAL_Driver\Src\stm32f0xx_hal_cortex.o
 .text.HAL_NVIC_SetPriority
                0x08000a58       0x2c Drivers\STM32F0xx_HAL_Driver\Src\stm32f0xx_hal_cortex.o
                0x08000a58                HAL_NVIC_SetPriority
 .text.HAL_NVIC_EnableIRQ
                0x08000a84       0x20 Drivers\STM32F0xx_HAL_Driver\Src\stm32f0xx_hal_cortex.o
                0x08000a84                HAL_NVIC_EnableIRQ
 .text.HAL_SYSTICK_Config
                0x08000aa4       0x1a Drivers\STM32F0xx_HAL_Driver\Src\stm32f0xx_hal_cortex.o
                0x08000aa4                HAL_SYSTICK_Config
 *fill*         0x08000abe        0x2 
 .text.HAL_GPIO_Init
                0x08000ac0      0x2d0 Drivers\STM32F0xx_HAL_Driver\Src\stm32f0xx_hal_gpio.o
                0x08000ac0                HAL_GPIO_Init
 .text.HAL_RCC_OscConfig
                0x08000d90      0x634 Drivers\STM32F0xx_HAL_Driver\Src\stm32f0xx_hal_rcc.o
                0x08000d90                HAL_RCC_OscConfig
 .text.HAL_RCC_ClockConfig
                0x080013c4      0x19c Drivers\STM32F0xx_HAL_Driver\Src\stm32f0xx_hal_rcc.o
                0x080013c4                HAL_RCC_ClockConfig
 .text.HAL_RCC_GetSysClockFreq
                0x08001560       0xc0 Drivers\STM32F0xx_HAL_Driver\Src\stm32f0xx_hal_rcc.o
                0x08001560                HAL_RCC_GetSysClockFreq
 .text.HAL_RCC_GetHCLKFreq
                0x08001620       0x14 Drivers\STM32F0xx_HAL_Driver\Src\stm32f0xx_hal_rcc.o
                0x08001620                HAL_RCC_GetHCLKFreq
 .text.HAL_RCC_GetPCLK1Freq
                0x08001634       0x2c Drivers\STM32F0xx_HAL_Driver\Src\stm32f0xx_hal_rcc.o
                0x08001634                HAL_RCC_GetPCLK1Freq
 .text.HAL_RCCEx_PeriphCLKConfig
                0x08001660      0x19c Drivers\STM32F0xx_HAL_Driver\Src\stm32f0xx_hal_rcc_ex.o
                0x08001660                HAL_RCCEx_PeriphCLKConfig
 .text.HAL_TIM_Base_Init
                0x080017fc       0x58 Drivers\STM32F0xx_HAL_Driver\Src\stm32f0xx_hal_tim.o
                0x080017fc                HAL_TIM_Base_Init
 .text.HAL_TIM_Base_Start_IT
                0x08001854       0x44 Drivers\STM32F0xx_HAL_Driver\Src\stm32f0xx_hal_tim.o
                0x08001854                HAL_TIM_Base_Start_IT
 .text.HAL_TIM_PWM_Init
                0x08001898       0x58 Drivers\STM32F0xx_HAL_Driver\Src\stm32f0xx_hal_tim.o
                0x08001898                HAL_TIM_PWM_Init
 .text.HAL_TIM_PWM_MspInit
                0x080018f0       0x10 Drivers\STM32F0xx_HAL_Driver\Src\stm32f0xx_hal_tim.o
                0x080018f0                HAL_TIM_PWM_MspInit
 .text.HAL_TIM_PWM_Start
                0x08001900       0x8c Drivers\STM32F0xx_HAL_Driver\Src\stm32f0xx_hal_tim.o
                0x08001900                HAL_TIM_PWM_Start
 .text.HAL_TIM_IRQHandler
                0x0800198c      0x22c Drivers\STM32F0xx_HAL_Driver\Src\stm32f0xx_hal_tim.o
                0x0800198c                HAL_TIM_IRQHandler
 .text.HAL_TIM_PWM_ConfigChannel
                0x08001bb8      0x170 Drivers\STM32F0xx_HAL_Driver\Src\stm32f0xx_hal_tim.o
                0x08001bb8                HAL_TIM_PWM_ConfigChannel
 .text.HAL_TIM_ConfigClockSource
                0x08001d28      0x17c Drivers\STM32F0xx_HAL_Driver\Src\stm32f0xx_hal_tim.o
                0x08001d28                HAL_TIM_ConfigClockSource
 .text.HAL_TIM_OC_DelayElapsedCallback
                0x08001ea4       0x10 Drivers\STM32F0xx_HAL_Driver\Src\stm32f0xx_hal_tim.o
                0x08001ea4                HAL_TIM_OC_DelayElapsedCallback
 .text.HAL_TIM_IC_CaptureCallback
                0x08001eb4       0x10 Drivers\STM32F0xx_HAL_Driver\Src\stm32f0xx_hal_tim.o
                0x08001eb4                HAL_TIM_IC_CaptureCallback
 .text.HAL_TIM_PWM_PulseFinishedCallback
                0x08001ec4       0x10 Drivers\STM32F0xx_HAL_Driver\Src\stm32f0xx_hal_tim.o
                0x08001ec4                HAL_TIM_PWM_PulseFinishedCallback
 .text.HAL_TIM_TriggerCallback
                0x08001ed4       0x10 Drivers\STM32F0xx_HAL_Driver\Src\stm32f0xx_hal_tim.o
                0x08001ed4                HAL_TIM_TriggerCallback
 .text.TIM_Base_SetConfig
                0x08001ee4       0xec Drivers\STM32F0xx_HAL_Driver\Src\stm32f0xx_hal_tim.o
                0x08001ee4                TIM_Base_SetConfig
 .text.TIM_OC1_SetConfig
                0x08001fd0       0xfc Drivers\STM32F0xx_HAL_Driver\Src\stm32f0xx_hal_tim.o
 .text.TIM_OC2_SetConfig
                0x080020cc       0xfc Drivers\STM32F0xx_HAL_Driver\Src\stm32f0xx_hal_tim.o
                0x080020cc                TIM_OC2_SetConfig
 .text.TIM_OC3_SetConfig
                0x080021c8      0x100 Drivers\STM32F0xx_HAL_Driver\Src\stm32f0xx_hal_tim.o
 .text.TIM_OC4_SetConfig
                0x080022c8       0xc8 Drivers\STM32F0xx_HAL_Driver\Src\stm32f0xx_hal_tim.o
 .text.TIM_TI1_ConfigInputStage
                0x08002390       0x5c Drivers\STM32F0xx_HAL_Driver\Src\stm32f0xx_hal_tim.o
 .text.TIM_TI2_ConfigInputStage
                0x080023ec       0x64 Drivers\STM32F0xx_HAL_Driver\Src\stm32f0xx_hal_tim.o
 .text.TIM_ITRx_SetConfig
                0x08002450       0x32 Drivers\STM32F0xx_HAL_Driver\Src\stm32f0xx_hal_tim.o
 *fill*         0x08002482        0x2 
 .text.TIM_ETR_SetConfig
                0x08002484       0x40 Drivers\STM32F0xx_HAL_Driver\Src\stm32f0xx_hal_tim.o
                0x08002484                TIM_ETR_SetConfig
 .text.TIM_CCxChannelCmd
                0x080024c4       0x46 Drivers\STM32F0xx_HAL_Driver\Src\stm32f0xx_hal_tim.o
                0x080024c4                TIM_CCxChannelCmd
 *fill*         0x0800250a        0x2 
 .text.HAL_TIMEx_MasterConfigSynchronization
                0x0800250c       0xb0 Drivers\STM32F0xx_HAL_Driver\Src\stm32f0xx_hal_tim_ex.o
                0x0800250c                HAL_TIMEx_MasterConfigSynchronization
 .text.HAL_TIMEx_CommutCallback
                0x080025bc       0x10 Drivers\STM32F0xx_HAL_Driver\Src\stm32f0xx_hal_tim_ex.o
                0x080025bc                HAL_TIMEx_CommutCallback
 .text.HAL_TIMEx_BreakCallback
                0x080025cc       0x10 Drivers\STM32F0xx_HAL_Driver\Src\stm32f0xx_hal_tim_ex.o
                0x080025cc                HAL_TIMEx_BreakCallback
 .text.HAL_UART_Init
                0x080025dc       0xa8 Drivers\STM32F0xx_HAL_Driver\Src\stm32f0xx_hal_uart.o
                0x080025dc                HAL_UART_Init
 .text.UART_SetConfig
                0x08002684      0x2dc Drivers\STM32F0xx_HAL_Driver\Src\stm32f0xx_hal_uart.o
                0x08002684                UART_SetConfig
 .text.UART_AdvFeatureConfig
                0x08002960      0x158 Drivers\STM32F0xx_HAL_Driver\Src\stm32f0xx_hal_uart.o
                0x08002960                UART_AdvFeatureConfig
 .text.UART_CheckIdleState
                0x08002ab8       0x8c Drivers\STM32F0xx_HAL_Driver\Src\stm32f0xx_hal_uart.o
                0x08002ab8                UART_CheckIdleState
 .text.UART_WaitOnFlagUntilTimeout
                0x08002b44       0xfc Drivers\STM32F0xx_HAL_Driver\Src\stm32f0xx_hal_uart.o
                0x08002b44                UART_WaitOnFlagUntilTimeout
 .text.Reset_Handler
                0x08002c40       0x50 startup\startup_stm32f031x6.o
                0x08002c40                Reset_Handler
 .text.Default_Handler
                0x08002c90        0x2 startup\startup_stm32f031x6.o
                0x08002c90                TIM1_CC_IRQHandler
                0x08002c90                PVD_IRQHandler
                0x08002c90                I2C1_IRQHandler
                0x08002c90                SPI1_IRQHandler
                0x08002c90                EXTI2_3_IRQHandler
                0x08002c90                ADC1_IRQHandler
                0x08002c90                TIM17_IRQHandler
                0x08002c90                RTC_IRQHandler
                0x08002c90                TIM16_IRQHandler
                0x08002c90                TIM3_IRQHandler
                0x08002c90                EXTI4_15_IRQHandler
                0x08002c90                RCC_IRQHandler
                0x08002c90                DMA1_Channel1_IRQHandler
                0x08002c90                Default_Handler
                0x08002c90                DMA1_Channel4_5_IRQHandler
                0x08002c90                EXTI0_1_IRQHandler
                0x08002c90                WWDG_IRQHandler
                0x08002c90                DMA1_Channel2_3_IRQHandler
                0x08002c90                FLASH_IRQHandler
                0x08002c90                USART1_IRQHandler
                0x08002c90                TIM1_BRK_UP_TRG_COM_IRQHandler
 *fill*         0x08002c92        0x2 
 .text.__libc_init_array
                0x08002c94       0x48 d:/programy/truestudio for stm32 9.3.0/armtools/bin/../lib/gcc/arm-atollic-eabi/6.3.1/../../../../arm-atollic-eabi/lib/armv6-m\libc_nano.a(lib_a-init.o)
                0x08002c94                __libc_init_array
 .text.memset   0x08002cdc       0x10 d:/programy/truestudio for stm32 9.3.0/armtools/bin/../lib/gcc/arm-atollic-eabi/6.3.1/../../../../arm-atollic-eabi/lib/armv6-m\libc_nano.a(lib_a-memset.o)
                0x08002cdc                memset
 *(.glue_7)
 .glue_7        0x08002cec        0x0 linker stubs
 *(.glue_7t)
 .glue_7t       0x08002cec        0x0 linker stubs
 *(.eh_frame)
 .eh_frame      0x08002cec        0x0 d:/programy/truestudio for stm32 9.3.0/armtools/bin/../lib/gcc/arm-atollic-eabi/6.3.1/armv6-m/crtbegin.o
 *(.init)
 .init          0x08002cec        0x4 d:/programy/truestudio for stm32 9.3.0/armtools/bin/../lib/gcc/arm-atollic-eabi/6.3.1/armv6-m/crti.o
                0x08002cec                _init
 .init          0x08002cf0        0x8 d:/programy/truestudio for stm32 9.3.0/armtools/bin/../lib/gcc/arm-atollic-eabi/6.3.1/armv6-m/crtn.o
 *(.fini)
 .fini          0x08002cf8        0x4 d:/programy/truestudio for stm32 9.3.0/armtools/bin/../lib/gcc/arm-atollic-eabi/6.3.1/armv6-m/crti.o
                0x08002cf8                _fini
 .fini          0x08002cfc        0x8 d:/programy/truestudio for stm32 9.3.0/armtools/bin/../lib/gcc/arm-atollic-eabi/6.3.1/armv6-m/crtn.o
                0x08002d04                . = ALIGN (0x4)
                0x08002d04                _etext = .

.vfp11_veneer   0x08002d04        0x0
 .vfp11_veneer  0x08002d04        0x0 linker stubs

.v4_bx          0x08002d04        0x0
 .v4_bx         0x08002d04        0x0 linker stubs

.iplt           0x08002d04        0x0
 .iplt          0x08002d04        0x0 d:/programy/truestudio for stm32 9.3.0/armtools/bin/../lib/gcc/arm-atollic-eabi/6.3.1/armv6-m/crtbegin.o

.rodata         0x08002d04       0x38
                0x08002d04                . = ALIGN (0x4)
 *(.rodata)
 .rodata        0x08002d04       0x20 Drivers\STM32F0xx_HAL_Driver\Src\stm32f0xx_hal_rcc.o
 *(.rodata*)
 .rodata.AHBPrescTable
                0x08002d24       0x10 Core\Src\system_stm32f0xx.o
                0x08002d24                AHBPrescTable
 .rodata.APBPrescTable
                0x08002d34        0x8 Core\Src\system_stm32f0xx.o
                0x08002d34                APBPrescTable
                0x08002d3c                . = ALIGN (0x4)

.rel.dyn        0x08002d3c        0x0
 .rel.iplt      0x08002d3c        0x0 d:/programy/truestudio for stm32 9.3.0/armtools/bin/../lib/gcc/arm-atollic-eabi/6.3.1/armv6-m/crtbegin.o

.ARM.extab
 *(.ARM.extab* .gnu.linkonce.armextab.*)

.ARM            0x08002d3c        0x0
                0x08002d3c                __exidx_start = .
 *(.ARM.exidx*)
                0x08002d3c                __exidx_end = .

.preinit_array  0x08002d3c        0x0
                0x08002d3c                PROVIDE (__preinit_array_start, .)
 *(.preinit_array*)
                0x08002d3c                PROVIDE (__preinit_array_end, .)

.init_array     0x08002d3c        0x4
                0x08002d3c                PROVIDE (__init_array_start, .)
 *(SORT(.init_array.*))
 *(.init_array*)
 .init_array    0x08002d3c        0x4 d:/programy/truestudio for stm32 9.3.0/armtools/bin/../lib/gcc/arm-atollic-eabi/6.3.1/armv6-m/crtbegin.o
                0x08002d40                PROVIDE (__init_array_end, .)

.fini_array     0x08002d40        0x4
                [!provide]                PROVIDE (__fini_array_start, .)
 *(SORT(.fini_array.*))
 *(.fini_array*)
 .fini_array    0x08002d40        0x4 d:/programy/truestudio for stm32 9.3.0/armtools/bin/../lib/gcc/arm-atollic-eabi/6.3.1/armv6-m/crtbegin.o
                [!provide]                PROVIDE (__fini_array_end, .)
                0x08002d44                _sidata = LOADADDR (.data)

.data           0x20000000       0x10 load address 0x08002d44
                0x20000000                . = ALIGN (0x4)
                0x20000000                _sdata = .
 *(.data)
 *(.data*)
 .data.CzyRosnie.6059
                0x20000000        0x1 Core\Src\main.o
 *fill*         0x20000001        0x3 
 .data.SystemCoreClock
                0x20000004        0x4 Core\Src\system_stm32f0xx.o
                0x20000004                SystemCoreClock
 .data.uwTickPrio
                0x20000008        0x4 Drivers\STM32F0xx_HAL_Driver\Src\stm32f0xx_hal.o
                0x20000008                uwTickPrio
 .data.uwTickFreq
                0x2000000c        0x1 Drivers\STM32F0xx_HAL_Driver\Src\stm32f0xx_hal.o
                0x2000000c                uwTickFreq
                0x20000010                . = ALIGN (0x4)
 *fill*         0x2000000d        0x3 
                0x20000010                _edata = .

.igot.plt       0x20000010        0x0 load address 0x08002d54
 .igot.plt      0x20000010        0x0 d:/programy/truestudio for stm32 9.3.0/armtools/bin/../lib/gcc/arm-atollic-eabi/6.3.1/armv6-m/crtbegin.o
                0x20000010                . = ALIGN (0x4)

.bss            0x20000010      0x124 load address 0x08002d54
                0x20000010                _sbss = .
                0x20000010                __bss_start__ = _sbss
 *(.bss)
 .bss           0x20000010       0x1c d:/programy/truestudio for stm32 9.3.0/armtools/bin/../lib/gcc/arm-atollic-eabi/6.3.1/armv6-m/crtbegin.o
 *(.bss*)
 .bss.Duty.6058
                0x2000002c        0x1 Core\Src\main.o
 *(COMMON)
 *fill*         0x2000002d        0x3 
 COMMON         0x20000030      0x100 Core\Src\main.o
                0x20000030                huart1
                0x200000b0                htim2
                0x200000f0                htim14
 COMMON         0x20000130        0x4 Drivers\STM32F0xx_HAL_Driver\Src\stm32f0xx_hal.o
                0x20000130                uwTick
                0x20000134                . = ALIGN (0x4)
                0x20000134                _ebss = .
                0x20000134                __bss_end__ = _ebss

._user_heap_stack
                0x20000134       0x80 load address 0x08002d54
                0x20000134                . = ALIGN (0x4)
                0x20000134                PROVIDE (end, .)
                [!provide]                PROVIDE (_end, .)
                0x20000134                . = (. + _Min_Heap_Size)
                0x200001b4                . = (. + _Min_Stack_Size)
 *fill*         0x20000134       0x80 
                0x200001b4                . = ALIGN (0x4)

.memory_b1_text
 *(.mb1text)
 *(.mb1text*)
 *(.mb1rodata)
 *(.mb1rodata*)

/DISCARD/
 libc.a(*)
 libm.a(*)
 libgcc.a(*)

.ARM.attributes
                0x00000000       0x28
 *(.ARM.attributes)
 .ARM.attributes
                0x00000000       0x1e d:/programy/truestudio for stm32 9.3.0/armtools/bin/../lib/gcc/arm-atollic-eabi/6.3.1/armv6-m/crti.o
 .ARM.attributes
                0x0000001e       0x2c d:/programy/truestudio for stm32 9.3.0/armtools/bin/../lib/gcc/arm-atollic-eabi/6.3.1/armv6-m/crtbegin.o
 .ARM.attributes
                0x0000004a       0x31 Core\Src\main.o
 .ARM.attributes
                0x0000007b       0x31 Core\Src\stm32f0xx_hal_msp.o
 .ARM.attributes
                0x000000ac       0x31 Core\Src\stm32f0xx_it.o
 .ARM.attributes
                0x000000dd       0x31 Core\Src\system_stm32f0xx.o
 .ARM.attributes
                0x0000010e       0x31 Drivers\STM32F0xx_HAL_Driver\Src\stm32f0xx_hal.o
 .ARM.attributes
                0x0000013f       0x31 Drivers\STM32F0xx_HAL_Driver\Src\stm32f0xx_hal_cortex.o
 .ARM.attributes
                0x00000170       0x31 Drivers\STM32F0xx_HAL_Driver\Src\stm32f0xx_hal_gpio.o
 .ARM.attributes
                0x000001a1       0x31 Drivers\STM32F0xx_HAL_Driver\Src\stm32f0xx_hal_rcc.o
 .ARM.attributes
                0x000001d2       0x31 Drivers\STM32F0xx_HAL_Driver\Src\stm32f0xx_hal_rcc_ex.o
 .ARM.attributes
                0x00000203       0x31 Drivers\STM32F0xx_HAL_Driver\Src\stm32f0xx_hal_tim.o
 .ARM.attributes
                0x00000234       0x31 Drivers\STM32F0xx_HAL_Driver\Src\stm32f0xx_hal_tim_ex.o
 .ARM.attributes
                0x00000265       0x31 Drivers\STM32F0xx_HAL_Driver\Src\stm32f0xx_hal_uart.o
 .ARM.attributes
                0x00000296       0x21 startup\startup_stm32f031x6.o
 .ARM.attributes
                0x000002b7       0x2c d:/programy/truestudio for stm32 9.3.0/armtools/bin/../lib/gcc/arm-atollic-eabi/6.3.1/../../../../arm-atollic-eabi/lib/armv6-m\libc_nano.a(lib_a-init.o)
 .ARM.attributes
                0x000002e3       0x2c d:/programy/truestudio for stm32 9.3.0/armtools/bin/../lib/gcc/arm-atollic-eabi/6.3.1/../../../../arm-atollic-eabi/lib/armv6-m\libc_nano.a(lib_a-memset.o)
 .ARM.attributes
                0x0000030f       0x1e d:/programy/truestudio for stm32 9.3.0/armtools/bin/../lib/gcc/arm-atollic-eabi/6.3.1/armv6-m\libgcc.a(_udivsi3.o)
 .ARM.attributes
                0x0000032d       0x1e d:/programy/truestudio for stm32 9.3.0/armtools/bin/../lib/gcc/arm-atollic-eabi/6.3.1/armv6-m\libgcc.a(_dvmd_tls.o)
 .ARM.attributes
                0x0000034b       0x1e d:/programy/truestudio for stm32 9.3.0/armtools/bin/../lib/gcc/arm-atollic-eabi/6.3.1/armv6-m/crtn.o
OUTPUT(05_PWM.elf elf32-littlearm)

.debug_info     0x00000000     0x8f25
 .debug_info    0x00000000      0xd94 Core\Src\main.o
 .debug_info    0x00000d94      0xccd Core\Src\stm32f0xx_hal_msp.o
 .debug_info    0x00001a61      0x650 Core\Src\stm32f0xx_it.o
 .debug_info    0x000020b1      0x2a0 Core\Src\system_stm32f0xx.o
 .debug_info    0x00002351      0x673 Drivers\STM32F0xx_HAL_Driver\Src\stm32f0xx_hal.o
 .debug_info    0x000029c4      0x751 Drivers\STM32F0xx_HAL_Driver\Src\stm32f0xx_hal_cortex.o
 .debug_info    0x00003115      0x670 Drivers\STM32F0xx_HAL_Driver\Src\stm32f0xx_hal_gpio.o
 .debug_info    0x00003785      0x80a Drivers\STM32F0xx_HAL_Driver\Src\stm32f0xx_hal_rcc.o
 .debug_info    0x00003f8f      0x3cb Drivers\STM32F0xx_HAL_Driver\Src\stm32f0xx_hal_rcc_ex.o
 .debug_info    0x0000435a     0x251d Drivers\STM32F0xx_HAL_Driver\Src\stm32f0xx_hal_tim.o
 .debug_info    0x00006877     0x10e2 Drivers\STM32F0xx_HAL_Driver\Src\stm32f0xx_hal_tim_ex.o
 .debug_info    0x00007959     0x156a Drivers\STM32F0xx_HAL_Driver\Src\stm32f0xx_hal_uart.o
 .debug_info    0x00008ec3       0x62 startup\startup_stm32f031x6.o

.debug_abbrev   0x00000000     0x1666
 .debug_abbrev  0x00000000      0x230 Core\Src\main.o
 .debug_abbrev  0x00000230      0x19f Core\Src\stm32f0xx_hal_msp.o
 .debug_abbrev  0x000003cf      0x162 Core\Src\stm32f0xx_it.o
 .debug_abbrev  0x00000531      0x126 Core\Src\system_stm32f0xx.o
 .debug_abbrev  0x00000657      0x1ed Drivers\STM32F0xx_HAL_Driver\Src\stm32f0xx_hal.o
 .debug_abbrev  0x00000844      0x26e Drivers\STM32F0xx_HAL_Driver\Src\stm32f0xx_hal_cortex.o
 .debug_abbrev  0x00000ab2      0x1bb Drivers\STM32F0xx_HAL_Driver\Src\stm32f0xx_hal_gpio.o
 .debug_abbrev  0x00000c6d      0x20a Drivers\STM32F0xx_HAL_Driver\Src\stm32f0xx_hal_rcc.o
 .debug_abbrev  0x00000e77      0x170 Drivers\STM32F0xx_HAL_Driver\Src\stm32f0xx_hal_rcc_ex.o
 .debug_abbrev  0x00000fe7      0x238 Drivers\STM32F0xx_HAL_Driver\Src\stm32f0xx_hal_tim.o
 .debug_abbrev  0x0000121f      0x226 Drivers\STM32F0xx_HAL_Driver\Src\stm32f0xx_hal_tim_ex.o
 .debug_abbrev  0x00001445      0x20f Drivers\STM32F0xx_HAL_Driver\Src\stm32f0xx_hal_uart.o
 .debug_abbrev  0x00001654       0x12 startup\startup_stm32f031x6.o

.debug_aranges  0x00000000      0xaf0
 .debug_aranges
                0x00000000       0x58 Core\Src\main.o
 .debug_aranges
                0x00000058       0x48 Core\Src\stm32f0xx_hal_msp.o
 .debug_aranges
                0x000000a0       0x50 Core\Src\stm32f0xx_it.o
 .debug_aranges
                0x000000f0       0x28 Core\Src\system_stm32f0xx.o
 .debug_aranges
                0x00000118       0xd0 Drivers\STM32F0xx_HAL_Driver\Src\stm32f0xx_hal.o
 .debug_aranges
                0x000001e8       0xc0 Drivers\STM32F0xx_HAL_Driver\Src\stm32f0xx_hal_cortex.o
 .debug_aranges
                0x000002a8       0x58 Drivers\STM32F0xx_HAL_Driver\Src\stm32f0xx_hal_gpio.o
 .debug_aranges
                0x00000300       0x80 Drivers\STM32F0xx_HAL_Driver\Src\stm32f0xx_hal_rcc.o
 .debug_aranges
                0x00000380       0x30 Drivers\STM32F0xx_HAL_Driver\Src\stm32f0xx_hal_rcc_ex.o
 .debug_aranges
                0x000003b0      0x3b8 Drivers\STM32F0xx_HAL_Driver\Src\stm32f0xx_hal_tim.o
 .debug_aranges
                0x00000768      0x150 Drivers\STM32F0xx_HAL_Driver\Src\stm32f0xx_hal_tim_ex.o
 .debug_aranges
                0x000008b8      0x210 Drivers\STM32F0xx_HAL_Driver\Src\stm32f0xx_hal_uart.o
 .debug_aranges
                0x00000ac8       0x28 startup\startup_stm32f031x6.o

.debug_ranges   0x00000000      0xa28
 .debug_ranges  0x00000000       0x48 Core\Src\main.o
 .debug_ranges  0x00000048       0x38 Core\Src\stm32f0xx_hal_msp.o
 .debug_ranges  0x00000080       0x40 Core\Src\stm32f0xx_it.o
 .debug_ranges  0x000000c0       0x18 Core\Src\system_stm32f0xx.o
 .debug_ranges  0x000000d8       0xc0 Drivers\STM32F0xx_HAL_Driver\Src\stm32f0xx_hal.o
 .debug_ranges  0x00000198       0xb0 Drivers\STM32F0xx_HAL_Driver\Src\stm32f0xx_hal_cortex.o
 .debug_ranges  0x00000248       0x48 Drivers\STM32F0xx_HAL_Driver\Src\stm32f0xx_hal_gpio.o
 .debug_ranges  0x00000290       0x70 Drivers\STM32F0xx_HAL_Driver\Src\stm32f0xx_hal_rcc.o
 .debug_ranges  0x00000300       0x20 Drivers\STM32F0xx_HAL_Driver\Src\stm32f0xx_hal_rcc_ex.o
 .debug_ranges  0x00000320      0x3a8 Drivers\STM32F0xx_HAL_Driver\Src\stm32f0xx_hal_tim.o
 .debug_ranges  0x000006c8      0x140 Drivers\STM32F0xx_HAL_Driver\Src\stm32f0xx_hal_tim_ex.o
 .debug_ranges  0x00000808      0x200 Drivers\STM32F0xx_HAL_Driver\Src\stm32f0xx_hal_uart.o
 .debug_ranges  0x00000a08       0x20 startup\startup_stm32f031x6.o

.debug_line     0x00000000     0x45d7
 .debug_line    0x00000000      0x2f5 Core\Src\main.o
 .debug_line    0x000002f5      0x295 Core\Src\stm32f0xx_hal_msp.o
 .debug_line    0x0000058a      0x248 Core\Src\stm32f0xx_it.o
 .debug_line    0x000007d2      0x1c1 Core\Src\system_stm32f0xx.o
 .debug_line    0x00000993      0x39b Drivers\STM32F0xx_HAL_Driver\Src\stm32f0xx_hal.o
 .debug_line    0x00000d2e      0x3ab Drivers\STM32F0xx_HAL_Driver\Src\stm32f0xx_hal_cortex.o
 .debug_line    0x000010d9      0x33c Drivers\STM32F0xx_HAL_Driver\Src\stm32f0xx_hal_gpio.o
 .debug_line    0x00001415      0x472 Drivers\STM32F0xx_HAL_Driver\Src\stm32f0xx_hal_rcc.o
 .debug_line    0x00001887      0x2b7 Drivers\STM32F0xx_HAL_Driver\Src\stm32f0xx_hal_rcc_ex.o
 .debug_line    0x00001b3e     0x1566 Drivers\STM32F0xx_HAL_Driver\Src\stm32f0xx_hal_tim.o
 .debug_line    0x000030a4      0x812 Drivers\STM32F0xx_HAL_Driver\Src\stm32f0xx_hal_tim_ex.o
 .debug_line    0x000038b6      0xc9f Drivers\STM32F0xx_HAL_Driver\Src\stm32f0xx_hal_uart.o
 .debug_line    0x00004555       0x82 startup\startup_stm32f031x6.o

.debug_str      0x00000000     0x30c7
 .debug_str     0x00000000      0xb09 Core\Src\main.o
                                0xbb8 (size before relaxing)
 .debug_str     0x00000b09      0x267 Core\Src\stm32f0xx_hal_msp.o
                                0xaa5 (size before relaxing)
 .debug_str     0x00000d70       0x85 Core\Src\stm32f0xx_it.o
                                0x66d (size before relaxing)
 .debug_str     0x00000df5       0x5f Core\Src\system_stm32f0xx.o
                                0x2db (size before relaxing)
 .debug_str     0x00000e54      0x243 Drivers\STM32F0xx_HAL_Driver\Src\stm32f0xx_hal.o
                                0x667 (size before relaxing)
 .debug_str     0x00001097      0x2a9 Drivers\STM32F0xx_HAL_Driver\Src\stm32f0xx_hal_cortex.o
                                0x679 (size before relaxing)
 .debug_str     0x00001340      0x15d Drivers\STM32F0xx_HAL_Driver\Src\stm32f0xx_hal_gpio.o
                                0x4aa (size before relaxing)
 .debug_str     0x0000149d      0x1fc Drivers\STM32F0xx_HAL_Driver\Src\stm32f0xx_hal_rcc.o
                                0x68d (size before relaxing)
 .debug_str     0x00001699       0xb1 Drivers\STM32F0xx_HAL_Driver\Src\stm32f0xx_hal_rcc_ex.o
                                0x417 (size before relaxing)
 .debug_str     0x0000174a      0xd5f Drivers\STM32F0xx_HAL_Driver\Src\stm32f0xx_hal_tim.o
                               0x14d4 (size before relaxing)
 .debug_str     0x000024a9      0x52f Drivers\STM32F0xx_HAL_Driver\Src\stm32f0xx_hal_tim_ex.o
                                0xc88 (size before relaxing)
 .debug_str     0x000029d8      0x6ef Drivers\STM32F0xx_HAL_Driver\Src\stm32f0xx_hal_uart.o
                                0xdf7 (size before relaxing)

.comment        0x00000000       0x7c
 .comment       0x00000000       0x7c Core\Src\main.o
                                 0x7d (size before relaxing)
 .comment       0x0000007c       0x7d Core\Src\stm32f0xx_hal_msp.o
 .comment       0x0000007c       0x7d Core\Src\stm32f0xx_it.o
 .comment       0x0000007c       0x7d Core\Src\system_stm32f0xx.o
 .comment       0x0000007c       0x7d Drivers\STM32F0xx_HAL_Driver\Src\stm32f0xx_hal.o
 .comment       0x0000007c       0x7d Drivers\STM32F0xx_HAL_Driver\Src\stm32f0xx_hal_cortex.o
 .comment       0x0000007c       0x7d Drivers\STM32F0xx_HAL_Driver\Src\stm32f0xx_hal_gpio.o
 .comment       0x0000007c       0x7d Drivers\STM32F0xx_HAL_Driver\Src\stm32f0xx_hal_rcc.o
 .comment       0x0000007c       0x7d Drivers\STM32F0xx_HAL_Driver\Src\stm32f0xx_hal_rcc_ex.o
 .comment       0x0000007c       0x7d Drivers\STM32F0xx_HAL_Driver\Src\stm32f0xx_hal_tim.o
 .comment       0x0000007c       0x7d Drivers\STM32F0xx_HAL_Driver\Src\stm32f0xx_hal_tim_ex.o
 .comment       0x0000007c       0x7d Drivers\STM32F0xx_HAL_Driver\Src\stm32f0xx_hal_uart.o

.debug_frame    0x00000000     0x2728
 .debug_frame   0x00000000      0x100 Core\Src\main.o
 .debug_frame   0x00000100       0xd0 Core\Src\stm32f0xx_hal_msp.o
 .debug_frame   0x000001d0       0xd4 Core\Src\stm32f0xx_it.o
 .debug_frame   0x000002a4       0x4c Core\Src\system_stm32f0xx.o
 .debug_frame   0x000002f0      0x2a0 Drivers\STM32F0xx_HAL_Driver\Src\stm32f0xx_hal.o
 .debug_frame   0x00000590      0x2a4 Drivers\STM32F0xx_HAL_Driver\Src\stm32f0xx_hal_cortex.o
 .debug_frame   0x00000834      0x110 Drivers\STM32F0xx_HAL_Driver\Src\stm32f0xx_hal_gpio.o
 .debug_frame   0x00000944      0x198 Drivers\STM32F0xx_HAL_Driver\Src\stm32f0xx_hal_rcc.o
 .debug_frame   0x00000adc       0x70 Drivers\STM32F0xx_HAL_Driver\Src\stm32f0xx_hal_rcc_ex.o
 .debug_frame   0x00000b4c      0xe90 Drivers\STM32F0xx_HAL_Driver\Src\stm32f0xx_hal_tim.o
 .debug_frame   0x000019dc      0x4f0 Drivers\STM32F0xx_HAL_Driver\Src\stm32f0xx_hal_tim_ex.o
 .debug_frame   0x00001ecc      0x7f0 Drivers\STM32F0xx_HAL_Driver\Src\stm32f0xx_hal_uart.o
 .debug_frame   0x000026bc       0x2c d:/programy/truestudio for stm32 9.3.0/armtools/bin/../lib/gcc/arm-atollic-eabi/6.3.1/../../../../arm-atollic-eabi/lib/armv6-m\libc_nano.a(lib_a-init.o)
 .debug_frame   0x000026e8       0x20 d:/programy/truestudio for stm32 9.3.0/armtools/bin/../lib/gcc/arm-atollic-eabi/6.3.1/../../../../arm-atollic-eabi/lib/armv6-m\libc_nano.a(lib_a-memset.o)
 .debug_frame   0x00002708       0x20 d:/programy/truestudio for stm32 9.3.0/armtools/bin/../lib/gcc/arm-atollic-eabi/6.3.1/armv6-m\libgcc.a(_udivsi3.o)
